mrp3Cald:mrsp40
mrp3Cald:mrsp30
mrp3Cald:mrsp35
jwedCald:jwaf6x
jfjaCald:jasf70
></td>:
></td>:
></td>:
jiiaCald:jiib0e
jiiaCald:jiib0g
jiiaCald:jiib0f
mvk1Cald:mvsk01
j9ccCald:j9ccc3
j9ccCald:j9ccc2
j9ccCald:j9ccc1
j9ccCald:j9ccc4
jiibCald:jiib0d
jiibCald:jiib0a
mrppCald:dasl20
mrppCald:dasx11
mrppCald:dasl21
mvk1Cald:dasl21
jfjaCald:jas735
jfjaCald:jas734
jfjaCald:jasf03
></td>:
></td>:
></td>:
></td>:
></td>:
></td>:
></td>:
mrp1Cald:mrsp10
mre9Cald:mreo20
jiiaCald:jiib0c
jiiaCald:jiib0b
jii1Cald:jiib04
mrp9Cald:dass12
mrp7Cald:dass12
mrp8Cald:dass12
jfjcCald:jasfd8
jfjcCald:jasfc8
jfjcCald:jasf6h
jfjcCald:jasf6g
mrp7Cald:mrsp76
></td>:
jii1Cald:jiib05
mvq2Cald:mvq2ok
jfjbCald:jas754
jag6Cald:jrapb2
mrp7Cald:mrsp99
mvk1Cald:das202
></td>:
></td>:
></td>:
></td>:
jau2Cald:jasu67
dpfiCald:dpfe01
mrp8Cald:mrsp78
mrpbCald:mrpp67
mrppCald:mrpp20
jii1Cald:jiib03
mvk1Cald:dasl20
jws6Cald:japi61
mrp1Cald:mrsp12
mrp1Cald:mrsp14
></td>:
hsv1Cald:hsrv01
hsv1Cald:hsrv02
mre9Cald:jcics1
></td>:
></td>:
></td>:
></td>:
j9b1Cald:jbcvsv
j9b1Cald:jbcvdg
mvk1Cald:dasf9x
mrp7Cald:dasf9x
mrp6Cald:dasf9x
mrp5Cald:dasf9x
mrp4Cald:dasf9x
mrp3Cald:dasf9x
mrp1Cald:dasf9x
mrp8Cald:dasf9x
mrp9Cald:dast92
mrp8Cald:dast92
mrp7Cald:dast92
mrp5Cald:mrsp50
mrp6Cald:mrsp70
mre9Cald:das9o4
></td>:
mrp4Cald:mrsp16
mrp4Cald:mrsp47
mrp4Cald:mrsp45
jspbCald:japz83
jspbCald:japz82
jspbCald:japz81
></td>:
bckpCald:atlas2genbck
msuaCald:das202-01
dsu1Cald:das202-01
jsp4Cald:japz62
jsp4Cald:japz63
jpt1Cald:jsop1u
mre9Cald:jcics2
jau8Cald:jasu13
mre9Cald:jxs9t1
></td>:
></td>:
></td>:
></td>:
></td>:
></td>:
></td>:
mrptCald:mrpp02
mrptCald:mrpp01
mrp8Cald:mrsp75
mrp7Cald:mrsp78
mrp8Cald:mrsp99
mrp9Cald:mrsp81
mrp9Cald:mrsp82
mrpaCald:mrsp05
mrp2Cald:mrpp23
j9b2Cald:jbcvsv
j9b2Cald:jbcvdg
jspbCald:dapz31
mre9Cald:mreo10
mre9Cald:mreo15
mre9Cald:das9o2
mre9Cald:das9o3
jpt9Cald:jsop623
mre9Cald:mreo25
mre9Cald:das9o1
></td>:
dspnCald:dapz31
jws6Cald:japi62
dar1Cald:dapc26
dar1Cald:dapc1v
dar1Cald:dapc1y
jap1Cald:japa99
jii1Cald:jiib01
jii1Cald:jiib02
jfjaCald:jas732
jiiaCald:jiib9d
jag6Cald:jrapb4
jag6Cald:jrapb3
jag6Cald:jrapb1
mvk1Cald:dasx11
jiiaCald:jiib0a
jiiaCald:jiib0d
></td>:
></td>:
></td>:
></td>:
></td>:
j9ccCald:j9ccc5
jbi0Cald:jast55
