INKX01:jink001
INKX01:jink002
INKX02:Job:
brp1Cald:brpp32
d9arCald:sellog
dar1Cald:dapc2o
dar1Cald:dapc57
dar1Cald:dapca3
dar1Cald:das202
dareCald:dapc1v
dareCald:dapc2p
darvCald:dapc88
dasaNCAL:dasa9s
dbp1Cald:dasf40
dcb0Cald:dimp40
dcb0Cald:dimp42
dcb5Cald:dimp05
dcb6Cald:dimp06
dcb9Cald:dimp40
dcb9Cald:dimp41
dcbaCald:dimp40
dcbaCald:dimp51
dcm2Cald:dlsm02
dcm2Cald:dlsm04
dcm3Cald:dlsm03
deg2Cald:dasf4h
deg2Cald:dasf4i
deg2Cald:dasf4j
deg2Cald:dasf4k
dhs3Cald:dhsh31
did1Cald:dapib0
did2Cald:dapic7
did3Cald:dapib7
dii1Cald:diib0f
dii3Cald:diibx6
dii3Cald:diibx7
dii3Cald:jiibx4
dii3Cald:jiibx5
dip9Cald:dimp09
dit9Cald:ditp42
dk02Cald:dk0x02
dortCald:dapz25
doruCald:disu96
dorvCald:dapz03
dorvCald:dapz90
dorvCald:disu91
dorvCald:disu92
dpf1Cald:dpfe01
drj6Cald:dasx41
drj6Cald:dasx42
drj6Cald:dipq01
drp6Cald:drpp30
drp7Cald:drpp31
drp8Cald:drpp32
dspnCald:Job:
dst1Cald:daps11
dst1Cald:daps21
dst1Cald:daps31
dst1Cald:das202
dst1Cald:dasl20
dst1Cald:dasl21
dst1Cald:dasx11
dsu1Cald:dask05
dti6Cald:dast12
dvbaCald:dtb1ok
dvbpCald:dtb1ok
dvc7Cald:dasp41
dvc7Cald:dasp51
dvdlCald:dvrdll
dvt1Cald:dvrqt1
dvt1Cald:jvqp40
dvzaCald:dvqza2
hcb1Cald:himp10
hfaaCald:hapfa1
hiiaCald:jiibxa
hiiaCald:jiibxd
hiiaCald:jiibxf
hsv1Cald:hsvr01
hsv1Cald:hsvr02
hvfoCald:hvfoc0
hvx1Cald:hvqx01
hvx1Cald:hvqx02
hvx1Cald:hvqx03
hvx1Cald:hvqx05
iac1Cald:iapc02
iar3Cald:iapc6c
iar3Cald:iapc6d
irp1Cald:irpp91
irp2Cald:irpp20
irp3Cald:irpp10
irp9Cald:irpp09
isf1Cald:ilsf01
ivz1Cald:dapz46
ivz1Cald:ivqza1
j9arCald:j9cccv
j9arCald:j9cccw
j9b1Cald:jbcvck
j9b2Cald:jbcvck
j9cfCald:j9fcon
jal1Cald:das202
jal1Cald:dasl20
jal1Cald:dasl21
jal1Cald:dasx11
jal1Cald:jals04
jal1Cald:jals05
jal1Cald:jals10
jal1Cald:jals84
jal2Cald:jals02
jal2Cald:jals03
jal2Cald:jals83
jal2Cald:jals85
jal2Cald:jals86
jal3Cald:jals06
jau2Cald:jasu73
jau8Cald:jasu80
jcb1Cald:jimp01
jcb1Cald:jimp02
jcb1Cald:jimp03
jcb1Cald:jimp07
jcb2Cald:jimp05
jcb3Cald:jimp08
jci5Cald:jlsi16
jci5Cald:jlsi17
jci5Cald:jlsi18
jec2Cald:jasq22
jec2Cald:jasq23
jec2Cald:jasq24
jec2Cald:jasq25
jes2Cald:jape14
jfabCald:japfa2
jfu02Cald:dfsaa5
jfu09Cald:dfsca2
jfu16Cald:dfsza2
jfu45Cald:mfsna0
jfu63Cald:dfsbnk
jfu64Cald:dfsbnk.install
jfu77Cald:dfsia2
jfu83Cald:dfsef1
jfu84Cald:dfsei0
ji71Cald:jasq11
ji71Cald:jii701
ji72Cald:jasq11
ji72Cald:jii702
ji75Cald:jii705
ji77Cald:jii707
jid6Cald:japib1
jid6Cald:japib3
jid6Cald:japib4
jid6Cald:japib6
jid6Cald:japib7
jid7Cald:japib5
jid7Cald:japibx
jiibCald:jiibxa
jiibCald:jiibxb
jiibCald:jiibxd
jiibCald:jiibxe
jiibCald:jiibxf
jiibCald:jiibxg
jiibCald:jiibxh
jiicCald:jiibx1
jiicCald:jiibx2
jiicCald:jiibx3
jiicCald:jiibx4
jiicCald:jiibx5
jiicCald:jiibx6
jiieCald:jiibxa
jiieCald:jiibxb
jiieCald:jiibxd
jiieCald:jiibxe
jiieCald:jiibxf
jiieCald:jiibxg
jiieCald:jiibxh
jpffCald:jpfe85
jpffCald:jpfe87
jpffCald:jpfe88
jpfhCald:jpfes1
jpfiCald:jpfes2
jpfjCald:jpfe10
jpfjCald:jpfe11
jpn3Cald:japn18
jpn3Cald:japn19
jpr0Cald:japr31
jpr1Cald:japr01
jpr1Cald:japr02
jpr1Cald:japr22
jpr4Cald:japr09
jpr4Cald:japr10
jpr4Cald:japr12
jpr4Cald:japr13
jpr4Cald:japr23
jpr5Cald:japr03
jpr5Cald:japr07
jpr5Cald:japr20
jpr5Cald:japr21
jpr5Cald:japr24
jpr5Cald:japr25
jpr7Cald:jasq26
jpr8Cald:japr30
jpr9Cald:japr30
jpr9Cald:japr32
jptaCald:jsop70
jptaCald:jsop71
jqb1Cald:jqsb01
jrj2Cald:dvry06
jrj2Cald:jasx40
jrj3Cald:dasx1a
jrj3Cald:dasx60
jrj3Cald:dasx9c
jrj3Cald:dasx9d
jrj4Cald:dasx61
jrj4Cald:dasx62-01
jrj4Cald:dasx62-02
jrj4Cald:dasx62-03
jrj4Cald:dasx62-04
jrj4Cald:dasx62-05
jrj4Cald:dasx62-06
jrj4Cald:dasx62-07
jrj4Cald:dasx62-08
jrj4Cald:dasx62-09
jrj4Cald:dasx62-10
jrj4Cald:dasx62-11
jrj4Cald:dasx62-12
jrj4Cald:dasx62-13
jrj4Cald:dasx62-14
jrj4Cald:dasx62-15
jrj4Cald:dasx63-01
jrj4Cald:dasx63-02
jrj4Cald:dasx63-03
jrj4Cald:dasx63-04
jrj4Cald:dasx63-05
jrj4Cald:dasx63-06
jrj4Cald:dasx63-07
jrj4Cald:dasx63-08
jrj4Cald:dasx63-09
jrj4Cald:dasx63-10
jrj4Cald:dasx63-11
jrj4Cald:dasx63-12
jrj4Cald:dasx63-13
jrj4Cald:dasx63-14
jrj4Cald:dasx63-15
jrj4Cald:dasx64
jrj4Cald:dasx65-01
jrj4Cald:dasx65-02
jrj4Cald:dasx65-03
jrj4Cald:dasx65-04
jrj4Cald:dasx65-05
jrj4Cald:dasx65-06
jrj4Cald:dasx65-07
jrj4Cald:dasx65-08
jrj4Cald:dasx65-09
jrj4Cald:dasx65-10
jrj4Cald:dasx65-11
jrj4Cald:dasx65-12
jrj4Cald:dasx65-13
jrj4Cald:dasx65-14
jrj4Cald:dasx65-15
jrj4Cald:dasx66-01
jrj4Cald:dasx66-02
jrj4Cald:dasx66-03
jrj4Cald:dasx66-04
jrj4Cald:dasx66-05
jrj4Cald:dasx66-06
jrj4Cald:dasx66-07
jrj4Cald:dasx66-08
jrj4Cald:dasx66-09
jrj4Cald:dasx66-10
jrj4Cald:dasx66-11
jrj4Cald:dasx66-12
jrj4Cald:dasx66-13
jrj4Cald:dasx66-14
jrj4Cald:dasx66-15
jrj4Cald:dasx9y-01
jrj4Cald:dasx9y-02
jrj4Cald:dasx9y-03
jrj4Cald:dasx9y-04
jrj4Cald:dasx9y-05
jrj4Cald:dasx9y-06
jrj4Cald:dasx9y-07
jrj4Cald:dasx9y-08
jrj4Cald:dasx9y-09
jrj4Cald:dasx9y-10
jrj4Cald:dasx9y-11
jrj4Cald:dasx9y-12
jrj4Cald:dasx9y-13
jrj4Cald:dasx9y-14
jrj4Cald:dasx9y-15
jrj4Cald:dvry01
jrj5Cald:jasx41
jrj5Cald:jasx42
jrj5Cald:jasx43
jrj5Cald:jasx44
jrj6Cald:dasx2a
jrj6Cald:dasx60
jrj6Cald:dasx9e
jrj6Cald:jvry01
jrj7Cald:dasx61
jrj7Cald:dasx62-01
jrj7Cald:dasx62-02
jrj7Cald:dasx62-03
jrj7Cald:dasx62-04
jrj7Cald:dasx62-05
jrj7Cald:dasx62-06
jrj7Cald:dasx62-07
jrj7Cald:dasx62-08
jrj7Cald:dasx62-09
jrj7Cald:dasx62-10
jrj7Cald:dasx62-11
jrj7Cald:dasx62-12
jrj7Cald:dasx62-13
jrj7Cald:dasx62-14
jrj7Cald:dasx62-15
jrj7Cald:dasx63-01
jrj7Cald:dasx63-02
jrj7Cald:dasx63-03
jrj7Cald:dasx63-04
jrj7Cald:dasx63-05
jrj7Cald:dasx63-06
jrj7Cald:dasx63-07
jrj7Cald:dasx63-08
jrj7Cald:dasx63-09
jrj7Cald:dasx63-10
jrj7Cald:dasx63-11
jrj7Cald:dasx63-12
jrj7Cald:dasx63-13
jrj7Cald:dasx63-14
jrj7Cald:dasx63-15
jrj7Cald:dasx64
jrj7Cald:dasx65-01
jrj7Cald:dasx65-02
jrj7Cald:dasx65-03
jrj7Cald:dasx65-04
jrj7Cald:dasx65-05
jrj7Cald:dasx65-06
jrj7Cald:dasx65-07
jrj7Cald:dasx65-08
jrj7Cald:dasx65-09
jrj7Cald:dasx65-10
jrj7Cald:dasx65-11
jrj7Cald:dasx65-12
jrj7Cald:dasx65-13
jrj7Cald:dasx65-14
jrj7Cald:dasx65-15
jrj7Cald:dasx66-01
jrj7Cald:dasx66-02
jrj7Cald:dasx66-03
jrj7Cald:dasx66-04
jrj7Cald:dasx66-05
jrj7Cald:dasx66-06
jrj7Cald:dasx66-07
jrj7Cald:dasx66-08
jrj7Cald:dasx66-09
jrj7Cald:dasx66-10
jrj7Cald:dasx66-11
jrj7Cald:dasx66-12
jrj7Cald:dasx66-13
jrj7Cald:dasx66-14
jrj7Cald:dasx66-15
jrj7Cald:dasx9y-01
jrj7Cald:dasx9y-02
jrj7Cald:dasx9y-03
jrj7Cald:dasx9y-04
jrj7Cald:dasx9y-05
jrj7Cald:dasx9y-06
jrj7Cald:dasx9y-07
jrj7Cald:dasx9y-08
jrj7Cald:dasx9y-09
jrj7Cald:dasx9y-10
jrj7Cald:dasx9y-11
jrj7Cald:dasx9y-12
jrj7Cald:dasx9y-13
jrj7Cald:dasx9y-14
jrj7Cald:dasx9y-15
jrj7Cald:dvry01
jrp2Cald:jrpp2z
jrp3Cald:jrpp77
jrp6Cald:jrpp75
jrp6Cald:jrpp85
jrp7Cald:dasx11
jrp7Cald:dasx12
jrp7Cald:dasx13
jrp7Cald:jas742
jrp7Cald:jhsi12
jrp7Cald:jhsi13
jrp7Cald:jhsi14
jrp7Cald:jhsi15
jrp7Cald:jhsi16
jrp7Cald:jhsi17
jrp7Cald:jhsi18
jrp7Cald:jhsi19
jrp7Cald:jhsi20
jrp7Cald:jhsi21
jrp7Cald:jhsi25
jrp7Cald:jhsi28
jrp7Cald:jhsi29
jrp7Cald:jhsi30
jrp7Cald:jhsi31
jrp7Cald:jhsi32
jrp7Cald:jrpp2z
jrp7Cald:jrpp30
jrp7Cald:jrpp3a
jrp7Cald:jrpp3f
jrpaCald:jrpp11
jrpbCald:jrpp12
jse0Cald:jasx31
jserCald:das202
jserCald:dasl20
jserCald:dasl21
jserCald:dasl24
jserCald:dasl27
jserCald:dasx19
jserCald:dasx22
jserCald:dasx24
jserCald:dasx36
jserCald:dasx3a
jserCald:dasx49
jserCald:dasx4a
jserCald:dasx50
jserCald:dasx51
jserCald:dasx52
jserCald:dasx53
jserCald:dasx54
jserCald:dasx56
jserCald:dasx57
jserCald:dasx59
jserCald:dasx5a
jserCald:dasx5b
jserCald:dasx5c
jserCald:dasx9b
jserCald:dasx9q
jsexCald:dasx19
jsexCald:dasx22
jsexCald:dasx30
jsexCald:dasx36
jsexCald:dasx37
jsexCald:dasx3a
jsexCald:dasx4a
jsexCald:dasx5d
jsexCald:dasx9b
jsexCald:dasx9q
jsexCald:dvry05
jsf1Cald:jlsf01
jsf1Cald:jlsf02
jsf1Cald:jlsf04
jsf1Cald:jlsf05
jsf1Cald:jlsf06
jsf1Cald:jlsf08
jsf1Cald:jlsf20
jsf3Cald:jlsf30
jsp7Cald:japze1
jspbCald:dacep4
jspbCald:dapz3a
jspbCald:dasl24
jspbCald:dvrs01
jspbCald:dvrs05
jspbCald:japz8z
jspbCald:japzs1
jspbCald:japzs2
jspbCald:japzs3
jspbCald:japzs4-01
jspbCald:japzs5-01
jspbCald:japzs6
jspbCald:japzs7
jspbCald:japzs8-01
jspbCald:japzs9
jspbCald:japzsa
jspbCald:japzsb
jspbCald:japzsc
jspbCald:japzsd
jspbCald:japzsf
jspbCald:japzsg
jspbCald:japzsh
jspbCald:japzsi
jspbCald:japzsj
jspbCald:japzsk
jspbCald:japzsl
jspbCald:japzsm
jspbCald:japzsn
jspbCald:japzso
jspbCald:japzsp
jspbCald:japzsq
jspcCald:japz9s
jspdCald:dacep4
jspdCald:dapz3a
jspdCald:dasl20
jspdCald:dasl21
jspdCald:dasl24
jspdCald:dasx11
jspdCald:japz7z
jspdCald:japzd1
jspdCald:japzd2
jspdCald:japzd3
jspdCald:japzd4
jspdCald:japzd6
jspdCald:japzsh
jspdCald:japzsi
jspdCald:japzsk
jspdCald:japzsn
jspdCald:japzsq
jspfCald:dapz2t
jspgCald:dapzs5
jspiCald:dapzs7
jspwCald:dapz31
jspwCald:dasl11
jspwCald:dasl12
jspwCald:dasx11
jspwCald:japz81
jspwCald:japz82
jspwCald:japz83
jt6cCald:jast6c
jtp2Cald:jcics8
jtp2Cald:jvs9t8
jvafCald:jvqc17
jvafCald:jvqca0
jvafCald:jvqca3
jvafCald:jvqca4
jvafCald:jvqca5
jvafCald:jvqca6
jvfoCald:jvfoc0
jvk2Cald:jvsk20
jvm4Cald:dasl24
jvm6Cald:jvqm12
jvr0Cald:jvry01
jvr0Cald:jvry02-01
jvr0Cald:jvry02-02
jvr0Cald:jvry02-03
jvr1Cald:jvro01
jvr1Cald:jvro1n
jvr2Cald:jvry03
jvr3Cald:jvry01
jvt6Cald:jvqt51
jvt7Cald:jvqt56
jvu1Cald:jvqu11
jvu1Cald:jvqu12
jwhtCald:j9html
jwpsCald:jvfs20
m1sfCald:msrf00
m1sfCald:msrf01
m1sfCald:msrf02
m1sfCald:msrf03
m1sfCald:msrf04
m1sfCald:msrf05
m1sfCald:msrf06
m1sfCald:msrf07
m1sfCald:msrf08
m2sfCald:msrf01
m2sfCald:msrf02
m2sfCald:msrf03
m2sfCald:msrf04
m2sfCald:msrf05
m2sfCald:msrf06
m2sfCald:msrf07
m2sfCald:msrf08
m2sfCald:msrf09
mal1Cald:mals87
mcb2Cald:mimp02
mce1Cald:mask6b
mce1Cald:mask6c
mce1Cald:mask6e
mce1Cald:mask6f
mceaCald:mvce1x
mctrCald:dvmreo
mfd5Cald:mfda50
mfd5Cald:mfda51
mfd5Cald:mfda52
mfd5Cald:mfda53
mfd5Cald:mfda54
mfd5Cald:mfda55
mfu02Cald:dfsaa5
mfu09Cald:dfsca2
mfu16Cald:dfsza2
mfu29Cald:dfspa0
mfu54Cald:dfsae1
mfu77Cald:mfsia2
mfu83Cald:dfsef1
mfu84Cald:dfsei0
mi73Cald:mii703
mpf1Cald:mpfe03
mpf1Cald:mpfe05
mpf1Cald:mpfe06
mpf1Cald:mpfe07
mpf1Cald:mpfe08
mpf1Cald:mpfe09
mpf1Cald:mpfe0z
mpf1Cald:mpfe10
mpf1Cald:mpfe11
mpf1Cald:mpfe12
mpf3Cald:mpfe02
mpt2Cald:msop21
mrf0Cald:mapt01
mrf0Cald:mapt02
mrf0Cald:mapt03
mrf0Cald:mapt04
mrf0Cald:mapt06
mrf0Cald:mapt27
mrhrCald:jrehto
mrhrCald:jrerat
mrj0Cald:masx20
mrn1Cald:mbar15
mrpuCald:mrpp30
msuaCald:dask05
mvl1Cald:das202
mvl1Cald:dasl20
mvl1Cald:dasl21
mvl1Cald:dasx11
mvl1Cald:mvql10
mvq2Cald:mvq2OK
mvt3Cald:das202
mvt3Cald:dasl20
mvt3Cald:dasl21
mvt3Cald:dasx11
mvt3Cald:mvqt16
mvt4Cald:das202
mvt4Cald:dasl20
mvt4Cald:dasl21
mvt4Cald:dasx11
mvt4Cald:mvqt11
mwc0Cald:mvrk14
mwpsCald:mspw40
rcb6Cald:rimpj6
rcb8Cald:rimpj8
rsf1Cald:rlsf08
tes1Cald:tape00
tes1Cald:tape16
xadmdaily:xcheck_imp
xadmdaily:xincjour
xadmdaily:xsurv_disk
xadmweekly:xoprfix
xtngadmh:xtngar01
xtngadmh:xtngpu01
xtngtdbq:xtngtdb10
xtngtdbq:xtngtdb20
zmi7Cald:rapc80
zmi7Cald:zast29
zmi7Cald:zast41
zmi7Cald:zlsi03
zmi7Cald:zopc01
zmi7Cald:zrap01
zmi7Cald:zrap02
zmi7Cald:zrap03
