LOGICAL VOLUME:     lv_surfi_batcyc        VOLUME GROUP:   extvga1
LV IDENTIFIER:      003783bf00004c00000000ff49f4cfa5.49 PERMISSION:     read/write
VG STATE:           active/complete        LV STATE:       opened/syncd
TYPE:               jfs2                   WRITE VERIFY:   off
MAX LPs:            16384                  PP SIZE:        64 megabyte(s)
COPIES:             1                      SCHED POLICY:   parallel
LPs:                64                     PPs:            64
STALE PPs:          0                      BB POLICY:      relocatable
INTER-POLICY:       minimum                RELOCATABLE:    yes
INTRA-POLICY:       middle                 UPPER BOUND:    16
MOUNT POINT:        /apps/surfi/surf1/BankOffice/batch/recycl LABEL:          /apps/surfi/surf1/BankOffice/batch/recycl
MIRROR WRITE CONSISTENCY: on/ACTIVE                              
EACH LP COPY ON A SEPARATE PV ?: yes                                    
Serialize IO ?:     NO                                     
